// Vitest Snapshot v1, https://vitest.dev/guide/snapshot.html

exports[`Component matches snapshot 1`] = `
<div>
  <div
    class="loading"
    data-testid="loading"
  />
</div>
`;
