// Vitest Snapshot v1, https://vitest.dev/guide/snapshot.html

exports[`Component matches snapshot 1`] = `
<div>
  <div
    class="dz-page"
    data-centered="false"
  >
    <div
      class="dz-page-header"
    >
      <div
        class="dz-page-title-wrapper"
      />
      <div
        class="dz-page-toolbar"
        data-testid="page-toolbar"
      />
    </div>
    <div
      class="dz-page-content"
      data-testid="page-content"
    >
      <div
        class="error-page"
      >
        <h1>
          errorBoundary.title
        </h1>
        <p>
          errorBoundary.subtitle
        </p>
        <p>
          <i>
            404
          </i>
        </p>
      </div>
    </div>
  </div>
</div>
`;
