// Vitest Snapshot v1

exports[`Component matches snapshot 1`] = `
<div>
  <button
    disabled={true}
    onClick={[Function]}
  >
    <img
      src="/src/assets/images/double-chevron-left.svg"
    />
  </button>
  <button
    disabled={true}
    onClick={[Function]}
  >
    <img
      src="/src/assets/images/chevron-left.svg"
    />
  </button>
  <button
    onClick={[Function]}
  >
    <img
      src="/src/assets/images/chevron-right.svg"
    />
  </button>
  <button
    onClick={[Function]}
  >
    <img
      src="/src/assets/images/double-chevron-right.svg"
    />
  </button>
</div>
`;
