// Vitest Snapshot v1

exports[`Component matches snapshot 1`] = `
<div>
  <span>
    <strong>
      1 of 1 
    </strong>
  </span>
  <div>
    <span>
      Go to page:
    </span>
    <input
      max={1}
      min={1}
      onBlur={[Function]}
      onChange={[Function]}
      onKeyDown={[Function]}
      type="number"
      value={1}
    />
    <select
      onChange={[Function]}
      value={10}
    >
      <option
        value={10}
      >
        Show
         
        10
      </option>
      <option
        value={20}
      >
        Show
         
        20
      </option>
      <option
        value={30}
      >
        Show
         
        30
      </option>
    </select>
  </div>
</div>
`;
