// Vitest Snapshot v1, https://vitest.dev/guide/snapshot.html

exports[`Component matches snapshot 1`] = `
[
  <colgroup>
    <col
      width=""
    />
    <col
      width=""
    />
  </colgroup>,
  <thead
    className=""
  >
    <tr>
      <th>
        <button
          onClick={[Function]}
        >
          <img
            src="/src/assets/images/adjustments.svg"
          />
        </button>
      </th>
    </tr>
    <tr
      className="row-header"
    >
      <th
        colSpan={1}
      >
        <div
          className=""
          onClick={[Function]}
        >
          <span>
            ID
          </span>
          <button />
        </div>
      </th>
      <th
        colSpan={1}
      >
        <div
          className=""
          onClick={[Function]}
        >
          <span>
            Name
          </span>
          <button />
        </div>
      </th>
    </tr>
  </thead>,
]
`;
