// Vitest Snapshot v1

exports[`Component matches snapshot 1`] = `
<div
  className="sticky-header hide-scrollbar"
>
  <div
    className="table-wrapper"
  >
    <table>
      <thead>
        <tr
          className="table-header-1"
        >
          <th
            colSpan={1}
            style={
              {
                "width": 150,
              }
            }
          >
            <div
              className="disable-select"
              onClick={[Function]}
            >
              <span>
                ID
              </span>
              <button
                className="sort-button"
              >
                ‚ÜïÔ∏è
              </button>
            </div>
          </th>
          <th
            colSpan={1}
            style={
              {
                "width": 150,
              }
            }
          >
            <div
              className="disable-select"
              onClick={[Function]}
            >
              <span>
                Name
              </span>
              <button
                className="sort-button"
              >
                ‚ÜïÔ∏è
              </button>
              <div
                className="filter-wrapper"
                onClick={[Function]}
              >
                <button
                  onClick={[Function]}
                >
                  üôà
                </button>
              </div>
            </div>
          </th>
        </tr>
      </thead>
      <tbody>
        <tr>
          <td
            style={
              {
                "width": 150,
              }
            }
          >
            1
          </td>
          <td
            style={
              {
                "width": 150,
              }
            }
          >
            jone
          </td>
        </tr>
        <tr>
          <td
            style={
              {
                "width": 150,
              }
            }
          >
            2
          </td>
          <td
            style={
              {
                "width": 150,
              }
            }
          >
            abhi
          </td>
        </tr>
        <tr>
          <td
            style={
              {
                "width": 150,
              }
            }
          >
            3
          </td>
          <td
            style={
              {
                "width": 150,
              }
            }
          >
            mike
          </td>
        </tr>
        <tr>
          <td
            style={
              {
                "width": 150,
              }
            }
          >
            4
          </td>
          <td
            style={
              {
                "width": 150,
              }
            }
          >
            tony
          </td>
        </tr>
      </tbody>
    </table>
  </div>
  <div
    className="table-info-container"
  >
    <div
      className="page-details"
    >
      <span
        className="current-page-info"
      >
        <strong>
          1 of 1 
        </strong>
        |
      </span>
      <div
        className="page-controller"
      >
        <span>
           Go to page:
        </span>
        <input
          disabled={true}
          onBlur={[Function]}
          onChange={[Function]}
          onKeyDown={[Function]}
          size={1}
          type="number"
          value={1}
        />
        <select
          onChange={[Function]}
          value={10}
        >
          <option
            value={10}
          >
            Show 
            10
          </option>
          <option
            value={20}
          >
            Show 
            20
          </option>
          <option
            value={30}
          >
            Show 
            30
          </option>
        </select>
      </div>
    </div>
    <div
      className="pagination-container"
    >
      <button
        className="pagination-button"
        disabled={true}
        onClick={[Function]}
      >
        &lt;&lt;
      </button>
      <button
        className="pagination-button"
        disabled={true}
        onClick={[Function]}
      >
        &lt;
      </button>
      <button
        className="pagination-button"
        disabled={true}
        onClick={[Function]}
      >
        &gt;
      </button>
      <button
        className="pagination-button"
        disabled={true}
        onClick={[Function]}
      >
        &gt;&gt;
      </button>
    </div>
  </div>
</div>
`;
