// Vitest Snapshot v1, https://vitest.dev/guide/snapshot.html

exports[`Component matches snapshot 1`] = `
<button
  className="dz-button primary filled medium"
  type="submit"
>
  <span
    className="label"
  >
    Submit
  </span>
</button>
`;
