// Vitest Snapshot v1

exports[`Component matches snapshot 1`] = `
<div
  className="tab"
>
  <p>
    tab body
  </p>
</div>
`;
