// Vitest Snapshot v1

exports[`Component matches snapshot 1`] = `
<div
  className="tabs"
>
  <ul
    className="tab-list"
  >
    <li>
      <button
        className="tab-title active"
        onClick={[Function]}
      >
        Tab one
      </button>
    </li>
    <li>
      <button
        className="tab-title "
        onClick={[Function]}
      >
        Tab two
      </button>
    </li>
  </ul>
  <div
    className="tab"
  >
    <p>
      Some text
    </p>
  </div>
</div>
`;
