// Vitest Snapshot v1

exports[`Component matches snapshot 1`] = `
<li>
  <button
    className="tab-title active"
    onClick={[Function]}
  >
    tab title
  </button>
</li>
`;
