// Vitest Snapshot v1, https://vitest.dev/guide/snapshot.html

exports[`Component matches snapshot 1`] = `
<header>
  <div
    className="logo"
  >
    <a
      href="/"
    >
      <img
        alt="logo"
        src="/logo.png"
      />
    </a>
  </div>
  <div
    className="menu-container dropdown"
    data-aria-expanded={false}
  >
    <nav
      className="main-menu"
    >
      <div
        className="responsive-menu"
      >
        <ul>
          <li>
            <a
              href="/"
            >
              header.menu.home
            </a>
          </li>
          <li>
            <a
              href="/about"
            >
              header.menu.about
            </a>
          </li>
        </ul>
      </div>
    </nav>
    <div
      className="locale-switcher dropdown-container"
      data-aria-expanded={false}
      onClick={[Function]}
    >
      <div
        className="label-container"
      >
        <span
          className="label"
        >
          locales.en
        </span>
        <span
          className="icon"
        >
          â–¾
        </span>
      </div>
    </div>
  </div>
  <div
    className="toggle"
    onClick={[Function]}
  >
    <svg
      fill="currentColor"
      height="1em"
      stroke="currentColor"
      strokeWidth="0"
      style={
        {
          "color": undefined,
          "height": "1.5rem",
        }
      }
      viewBox="0 0 512 512"
      width="1em"
      xmlns="http://www.w3.org/2000/svg"
    >
      <path
        d="M32 96v64h448V96H32zm0 128v64h448v-64H32zm0 128v64h448v-64H32z"
      />
    </svg>
  </div>
</header>
`;
