// Vitest Snapshot v1, https://vitest.dev/guide/snapshot.html

exports[`Component matches snapshot 1`] = `
<div
  className="copyright"
>
  <div
    className="copyright"
  >
    Â© 
    2024
     
    <a
      href="www.dzango.com"
      rel="noreferrer"
      target="_blank"
    >
      Dzango
    </a>
  </div>
</div>
`;
