// Vitest Snapshot v1, https://vitest.dev/guide/snapshot.html

exports[`Component matches snapshot 1`] = `
<div
  className="page"
>
  <h1>
    Test title
    <small>
      Test subtitle
    </small>
  </h1>
  <div
    className="toolbar"
  >
    <div>
      Toolbar content
    </div>
  </div>
</div>
`;
