// Vitest Snapshot v1, https://vitest.dev/guide/snapshot.html

exports[`Component matches snapshot 1`] = `
<div>
  <div
    class="version"
  >
    1.0.0+local
  </div>
</div>
`;
