// Vitest Snapshot v1

exports[`Component matches snapshot 1`] = `
<li
  className="tab active"
  onClick={[Function]}
>
  Topic 1
</li>
`;
