// Vitest Snapshot v1

exports[`Component matches snapshot 1`] = `
<div
  className="tabbed-panel top"
>
  <div
    aria-orientation="horizontal"
    role="tablist"
  >
    <button
      aria-disabled={true}
      aria-label="Topic 1"
      aria-selected={true}
      className="active"
      onClick={[Function]}
      onFocus={[Function]}
      onKeyDown={[Function]}
      role="tab"
      tabIndex={0}
    >
      <img
        alt="title icon"
        aria-hidden="true"
        src="icon1.jpg"
      />
      <span>
        Topic 1
      </span>
    </button>
    <button
      aria-disabled={false}
      aria-label="Topic 2"
      aria-selected={false}
      className=""
      onClick={[Function]}
      onFocus={[Function]}
      onKeyDown={[Function]}
      role="tab"
      tabIndex={-1}
    >
      <img
        alt="title icon"
        aria-hidden="true"
        src="icon2.jpg"
      />
      <span>
        Topic 2
      </span>
    </button>
  </div>
  <div
    role="tabpanel"
    tabIndex={0}
  >
    <div
      className="sub-pane"
    >
      Pane 1 content
    </div>
  </div>
</div>
`;
