// Vitest Snapshot v1, https://vitest.dev/guide/snapshot.html

exports[`Component matches snapshot 1`] = `
<form
  className=""
  noValidate={true}
  onSubmit={[Function]}
>
  <div
    className="field oldPassword"
  >
    <label
      htmlFor="input-field-oldPassword"
    >
      changePassword.form.oldPassword.label
    </label>
    <div
      className="input-field-password"
    >
      <input
        id="input-field-oldPassword"
        name="oldPassword"
        onBlur={[Function]}
        onChange={[Function]}
        placeholder=""
        type="password"
      />
      <span
        className="eye-icon"
        onClick={[Function]}
      >
        <i
          className="pi pi-eye-slash"
        />
      </span>
    </div>
  </div>
  <div
    className="field password"
  >
    <label
      htmlFor="input-field-password"
    >
      changePassword.form.newPassword.label
    </label>
    <div
      className="input-field-password"
    >
      <input
        id="input-field-password"
        name="password"
        onBlur={[Function]}
        onChange={[Function]}
        placeholder=""
        type="password"
      />
      <span
        className="eye-icon"
        onClick={[Function]}
      >
        <i
          className="pi pi-eye-slash"
        />
      </span>
    </div>
  </div>
  <div
    className="field confirmPassword"
  >
    <label
      htmlFor="input-field-confirmPassword"
    >
      changePassword.form.confirmPassword.label
    </label>
    <div
      className="input-field-password"
    >
      <input
        id="input-field-confirmPassword"
        name="confirmPassword"
        onBlur={[Function]}
        onChange={[Function]}
        placeholder=""
        type="password"
      />
      <span
        className="eye-icon"
        onClick={[Function]}
      >
        <i
          className="pi pi-eye-slash"
        />
      </span>
    </div>
  </div>
  <button
    className="dz-button primary filled medium"
    type="submit"
  >
    <span
      className="label"
    >
      changePassword.form.actions.submit
    </span>
  </button>
</form>
`;
