// Vitest Snapshot v1

exports[`Component matches snapshot 1`] = `
<div>
  <nav
    className="user-menu "
  >
    <div
      className="email"
      onClick={[Function]}
    >
      test@gmail.com
      <span
        className="toggle"
      >
        â–¾
      </span>
    </div>
  </nav>
</div>
`;
