// Vitest Snapshot v1, https://vitest.dev/guide/snapshot.html

exports[`Component matches snapshot 1`] = `
<div
  className="dz-auth-form-wrapper forgot-password"
>
  <form
    className=""
    noValidate={true}
    onSubmit={[Function]}
  >
    <div
      className="field email"
    >
      <label
        htmlFor="email"
      >
        forgotPassword.form.email.label
      </label>
      <input
        className="input-field email"
        disabled={false}
        id="email"
        name="email"
        onChange={[Function]}
        placeholder="forgotPassword.form.email.placeholder"
        readOnly={false}
        type="email"
        value=""
      />
    </div>
    <div
      className="dz-form-actions"
      data-alignment="fill"
      data-direction="horizontal"
    >
      <button
        className="dz-button primary filled medium"
        id="submit"
        role="button"
        type="submit"
      >
        <span
          className="label"
        >
          forgotPassword.form.actions.submit
        </span>
      </button>
    </div>
  </form>
</div>
`;
