// Vitest Snapshot v1, https://vitest.dev/guide/snapshot.html

exports[`Component matches snapshot 1`] = `
<form
  className=""
  noValidate={true}
  onSubmit={[Function]}
>
  <div
    className="field email"
  >
    <label
      htmlFor="input-field-email"
    >
      forgetPassword.form.email.label
    </label>
    <input
      id="input-field-email"
      name="email"
      onBlur={[Function]}
      onChange={[Function]}
      placeholder="forgetPassword.form.email.placeholder"
      readOnly={false}
      type="email"
    />
  </div>
  <button
    className="dz-button button-submit primary filled medium"
    type="submit"
  >
    <span
      className="label"
    >
      forgetPassword.form.actions.submit
    </span>
  </button>
</form>
`;
