// Vitest Snapshot v1, https://vitest.dev/guide/snapshot.html

exports[`Component matches snapshot 1`] = `
<form
  className=""
  noValidate={true}
  onSubmit={[Function]}
>
  <div
    className="field email"
  >
    <label
      htmlFor="email"
    >
      signup.form.email.label
    </label>
    <input
      disabled={false}
      id="email"
      name="email"
      onChange={[Function]}
      placeholder="signup.form.email.placeholder"
      readOnly={false}
      type="email"
      value=""
    />
  </div>
  <div
    className="field password"
  >
    <label
      htmlFor="input-field-password"
    >
      signup.form.password.label
    </label>
    <div
      className="input-field-password"
    >
      <input
        id="input-field-password"
        name="password"
        onBlur={[Function]}
        onChange={[Function]}
        placeholder=""
        type="password"
      />
      <span
        className="eye-icon"
        onClick={[Function]}
      >
        <i
          className="pi pi-eye-slash"
        />
      </span>
    </div>
  </div>
  <div
    className="field confirmPassword"
  >
    <label
      htmlFor="input-field-confirmPassword"
    >
      signup.form.confirmPassword.label
    </label>
    <div
      className="input-field-password"
    >
      <input
        id="input-field-confirmPassword"
        name="confirmPassword"
        onBlur={[Function]}
        onChange={[Function]}
        placeholder=""
        type="password"
      />
      <span
        className="eye-icon"
        onClick={[Function]}
      >
        <i
          className="pi pi-eye-slash"
        />
      </span>
    </div>
  </div>
  <div
    className="dz-form-actions"
    data-alignment="fill"
    data-direction="horizontal"
  >
    <button
      className="dz-button primary filled medium"
      id="submit"
      role="button"
      type="submit"
    >
      <span
        className="label"
      >
        signup.form.actions.submit
      </span>
    </button>
  </div>
</form>
`;
