// Vitest Snapshot v1, https://vitest.dev/guide/snapshot.html

exports[`Component matches snapshot 1`] = `
<div>
  <div
    class="popup-container"
  >
    <div
      aria-controls="popup-content"
      aria-expanded="false"
      class="popup-trigger"
    >
      <span
        class="dz-dropdown-menu-trigger"
      >
        <i
          class="pi pi-ellipsis-h"
        />
        <i
          class="dz-dropdown-icon pi pi-angle-down"
        />
      </span>
    </div>
  </div>
</div>
`;
