// Vitest Snapshot v1, https://vitest.dev/guide/snapshot.html

exports[`Component matches snapshot 1`] = `
<nav
  aria-orientation="horizontal"
  className="responsive-menu"
>
  <ul>
    <li>
      <a
        aria-current="page"
        href="/"
      >
        <span
          role="icon"
          title="Home"
        />
        <span
          role="label"
        >
          Home
        </span>
      </a>
    </li>
    <li>
      <a
        href="/about"
      >
        <span
          role="icon"
          title="About"
        />
        <span
          role="label"
        >
          About
        </span>
      </a>
    </li>
  </ul>
</nav>
`;
