// Vitest Snapshot v1

exports[`Component matches snapshot 1`] = `
<ul
  className="accordion vertical"
>
  <li
    className=""
  >
    <button
      onClick={[Function]}
      type="button"
    >
      <img
        alt="Topic 1"
        src="icon1.jpg"
      />
      <span>
        Topic 1
      </span>
      <img
        src="arrow-up.jpg"
      />
    </button>
  </li>
  <li
    className=""
  >
    <button
      onClick={[Function]}
      type="button"
    >
      <img
        alt="Topic 2"
        src="icon2.jpg"
      />
      <span>
        Topic 2
      </span>
      <img
        src="arrow-up.jpg"
      />
    </button>
  </li>
</ul>
`;
