// Vitest Snapshot v1

exports[`Component matches snapshot 1`] = `
<button
  onClick={[Function]}
  type="button"
>
  <img
    alt="accordion title"
    src="icon1.jpg"
  />
  <span>
    accordion title
  </span>
  <img
    src="arrow-up.jpg"
  />
</button>
`;
