// Vitest Snapshot v1, https://vitest.dev/guide/snapshot.html

exports[`Component matches snapshot 1`] = `
<div
  className="dz-page"
>
  <h1>
    This is the title
  </h1>
  <div
    className="subtitle"
  >
    This is the subtitle
  </div>
  <div
    className="content"
    data-testid="page-content"
  >
    <p>
      This is the content
    </p>
  </div>
</div>
`;
