// Vitest Snapshot v1

exports[`Component matches snapshot 1`] = `
<div>
  <nav
    className="locale-switcher "
  >
    <div
      className="locale truncated"
      onClick={[Function]}
    >
      locales.en
      <span
        className="truncated "
      >
        â–¾
      </span>
    </div>
  </nav>
</div>
`;
