// Vitest Snapshot v1

exports[`Component matches snapshot 1`] = `
<nav
  className="menu "
>
  <ul>
    <li>
      <a
        href="/"
      >
        Home
      </a>
    </li>
    <li>
      <a
        href="/about"
      >
        About
      </a>
    </li>
  </ul>
</nav>
`;
