// Vitest Snapshot v1, https://vitest.dev/guide/snapshot.html

exports[`Component matches snapshot 1`] = `
<div>
  <ul
    aria-orientation="vertical"
    class="accordion vertical"
  >
    <li
      class=""
    >
      <button
        aria-controls="pane-body-:r0:-0"
        aria-disabled="false"
        aria-expanded="false"
        aria-label="Topic 1"
        type="button"
      >
        <img
          alt="title icon"
          aria-hidden="true"
          src="icon1.jpg"
        />
        <span>
          Topic 1
        </span>
        <img
          alt="toggle icon"
          aria-hidden="true"
          src="arrow-up.jpg"
        />
      </button>
      <div
        hidden=""
        id="pane-body-:r0:-0"
        role="region"
      />
    </li>
    <li
      class=""
    >
      <button
        aria-controls="pane-body-:r0:-1"
        aria-disabled="false"
        aria-expanded="false"
        aria-label="Topic 2"
        type="button"
      >
        <img
          alt="title icon"
          aria-hidden="true"
          src="icon2.jpg"
        />
        <span>
          Topic 2
        </span>
        <img
          alt="toggle icon"
          aria-hidden="true"
          src="arrow-up.jpg"
        />
      </button>
      <div
        hidden=""
        id="pane-body-:r0:-1"
        role="region"
      />
    </li>
  </ul>
</div>
`;
