// Vitest Snapshot v1, https://vitest.dev/guide/snapshot.html

exports[`Component matches snapshot 1`] = `
<span
  role="alert"
>
  Error message
</span>
`;
