// Vitest Snapshot v1

exports[`Component matches snapshot sidebar closed 1`] = `
<div
  className="sidebarMenu"
/>
`;

exports[`Component matches snapshot sidebar open 1`] = `
<div
  className="sidebarMenu openSidebarMenu"
>
  <ul>
    <li>
      Home
    </li>
    <li>
      About
    </li>
  </ul>
</div>
`;
