// Vitest Snapshot v1, https://vitest.dev/guide/snapshot.html

exports[`Component matches snapshot 1`] = `
<div>
  <div
    class="tabbed-panel top"
  >
    <div
      aria-orientation="horizontal"
      role="tablist"
    >
      <button
        aria-disabled="true"
        aria-label="Topic 1"
        aria-selected="true"
        class="active"
        role="tab"
        tabindex="0"
      >
        <img
          alt="title icon"
          aria-hidden="true"
          src="icon1.jpg"
        />
        <span>
          Topic 1
        </span>
      </button>
      <button
        aria-disabled="false"
        aria-label="Topic 2"
        aria-selected="false"
        class=""
        role="tab"
        tabindex="-1"
      >
        <img
          alt="title icon"
          aria-hidden="true"
          src="icon2.jpg"
        />
        <span>
          Topic 2
        </span>
      </button>
    </div>
    <div
      role="tabpanel"
    >
      <div
        class="sub-pane"
      >
        Pane 1 content
      </div>
    </div>
  </div>
</div>
`;
